// Jest Snapshot v1, https://goo.gl/fbAQLP

exports[`RemoveIcon should match the snapshot 1`] = `
<svg
  fill="none"
  height="8"
  onClick={[MockFunction]}
  viewBox="0 0 8 8"
  width="8"
  xmlns="http://www.w3.org/2000/svg"
>
  <path
    clipRule="evenodd"
    d="M8 0.8L7.2 0L4 3.2L0.8 0L0 0.8L3.2 4L0 7.2L0.8 8L4 4.8L7.2 8L8 7.2L4.8 4L8 0.8Z"
    fill="#050038"
    fillRule="evenodd"
  />
</svg>
`;
